Microsoft Windows [Version 10.0.26100.3476]
(c) Microsoft Corporation. All rights reserved.

C:\Users\Admin>docker version
Client:
 Version:           27.5.1
 API version:       1.47
 Go version:        go1.22.11
 Git commit:        9f9e405
 Built:             Wed Jan 22 13:41:44 2025
 OS/Arch:           windows/amd64
 Context:           desktop-linux

Server: Docker Desktop 4.38.0 (181591)
 Engine:
  Version:          27.5.1
  API version:      1.47 (minimum version 1.24)
  Go version:       go1.22.11
  Git commit:       4c9b3b0
  Built:            Wed Jan 22 13:41:17 2025
  OS/Arch:          linux/amd64
  Experimental:     false
 containerd:
  Version:          1.7.25
  GitCommit:        bcc810d6b9066471b0b6fa75f557a15a1cbf31bb
 runc:
  Version:          1.1.12
  GitCommit:        v1.1.12-0-g51d5e946
 docker-init:
  Version:          0.19.0
  GitCommit:        de40ad0

C:\Users\Admin>docker --version
Docker version 27.5.1, build 9f9e405

C:\Users\Admin>docker --help

Usage:  docker [OPTIONS] COMMAND

A self-sufficient runtime for containers

Common Commands:
  run         Create and run a new container from an image
  exec        Execute a command in a running container
  ps          List containers
  build       Build an image from a Dockerfile
  pull        Download an image from a registry
  push        Upload an image to a registry
  images      List images
  login       Authenticate to a registry
  logout      Log out from a registry
  search      Search Docker Hub for images
  version     Show the Docker version information
  info        Display system-wide information

Management Commands:
  ai*         Ask Gordon - Docker Agent
  builder     Manage builds
  buildx*     Docker Buildx
  compose*    Docker Compose
  container   Manage containers
  context     Manage contexts
  debug*      Get a shell into any image or container
  desktop*    Docker Desktop commands (Beta)
  dev*        Docker Dev Environments
  extension*  Manages Docker extensions
  feedback*   Provide feedback, right in your terminal!
  image       Manage images
  init*       Creates Docker-related starter files for your project
  manifest    Manage Docker image manifests and manifest lists
  network     Manage networks
  plugin      Manage plugins
  sbom*       View the packaged-based Software Bill Of Materials (SBOM) for an image
  scout*      Docker Scout
  system      Manage Docker
  trust       Manage trust on Docker images
  volume      Manage volumes

Swarm Commands:
  swarm       Manage Swarm

Commands:
  attach      Attach local standard input, output, and error streams to a running container
  commit      Create a new image from a container's changes
  cp          Copy files/folders between a container and the local filesystem
  create      Create a new container
  diff        Inspect changes to files or directories on a container's filesystem
  events      Get real time events from the server
  export      Export a container's filesystem as a tar archive
  history     Show the history of an image
  import      Import the contents from a tarball to create a filesystem image
  inspect     Return low-level information on Docker objects
  kill        Kill one or more running containers
  load        Load an image from a tar archive or STDIN
  logs        Fetch the logs of a container
  pause       Pause all processes within one or more containers
  port        List port mappings or a specific mapping for the container
  rename      Rename a container
  restart     Restart one or more containers
  rm          Remove one or more containers
  rmi         Remove one or more images
  save        Save one or more images to a tar archive (streamed to STDOUT by default)
  start       Start one or more stopped containers
  stats       Display a live stream of container(s) resource usage statistics
  stop        Stop one or more running containers
  tag         Create a tag TARGET_IMAGE that refers to SOURCE_IMAGE
  top         Display the running processes of a container
  unpause     Unpause all processes within one or more containers
  update      Update configuration of one or more containers
  wait        Block until one or more containers stop, then print their exit codes

Global Options:
      --config string      Location of client config files (default
                           "C:\\Users\\Admin\\.docker")
  -c, --context string     Name of the context to use to connect to the
                           daemon (overrides DOCKER_HOST env var and
                           default context set with "docker context use")
  -D, --debug              Enable debug mode
  -H, --host list          Daemon socket to connect to
  -l, --log-level string   Set the logging level ("debug", "info",
                           "warn", "error", "fatal") (default "info")
      --tls                Use TLS; implied by --tlsverify
      --tlscacert string   Trust certs signed only by this CA (default
                           "C:\\Users\\Admin\\.docker\\ca.pem")
      --tlscert string     Path to TLS certificate file (default
                           "C:\\Users\\Admin\\.docker\\cert.pem")
      --tlskey string      Path to TLS key file (default
                           "C:\\Users\\Admin\\.docker\\key.pem")
      --tlsverify          Use TLS and verify the remote
  -v, --version            Print version information and quit

Run 'docker COMMAND --help' for more information on a command.

For more help on how to use Docker, head to https://docs.docker.com/go/guides/

C:\Users\Admin>docker images
REPOSITORY    TAG       IMAGE ID       CREATED        SIZE
<none>        <none>    0e6313ea470f   11 days ago    117MB
ubuntu        latest    72297848456d   2 months ago   117MB
hello-world   latest    7e1a4e2d11e2   2 months ago   20.4kB

C:\Users\Admin>docker ps
CONTAINER ID   IMAGE     COMMAND   CREATED   STATUS    PORTS     NAMES

C:\Users\Admin>docker ps -l
CONTAINER ID   IMAGE     COMMAND       CREATED       STATUS                     PORTS     NAMES
9ff1e64cd5a3   ubuntu    "/bin/bash"   11 days ago   Exited (137) 11 days ago             agitated_mcclintock

C:\Users\Admin>docker ps -a
CONTAINER ID   IMAGE     COMMAND       CREATED       STATUS                     PORTS     NAMES
9ff1e64cd5a3   ubuntu    "/bin/bash"   11 days ago   Exited (137) 11 days ago             agitated_mcclintock
9921b72254e1   ubuntu    "/bin/bash"   11 days ago   Exited (0) 11 days ago               serene_bose

C:\Users\Admin>docker ps -i
unknown shorthand flag: 'i' in -i
See 'docker ps --help'.

C:\Users\Admin>docker ps -q

C:\Users\Admin>docker ps -a
CONTAINER ID   IMAGE     COMMAND       CREATED       STATUS                     PORTS     NAMES
9ff1e64cd5a3   ubuntu    "/bin/bash"   11 days ago   Exited (137) 11 days ago             agitated_mcclintock
9921b72254e1   ubuntu    "/bin/bash"   11 days ago   Exited (0) 11 days ago               serene_bose

C:\Users\Admin>docker run nginx
Unable to find image 'nginx:latest' locally
latest: Pulling from library/nginx
417c4bccf534: Download complete
6e909acdb790: Download complete
97f5c0f51d43: Download complete
e7e0ca015e55: Download complete
5eaa34f5b9c2: Download complete
373fe654e984: Download complete
c22eb46e871a: Download complete
Digest: sha256:124b44bfc9ccd1f3cedf4b592d4d1e8bddb78b51ec2ed5056c52d3692baebc19
Status: Downloaded newer image for nginx:latest
/docker-entrypoint.sh: /docker-entrypoint.d/ is not empty, will attempt to perform configuration
/docker-entrypoint.sh: Looking for shell scripts in /docker-entrypoint.d/
/docker-entrypoint.sh: Launching /docker-entrypoint.d/10-listen-on-ipv6-by-default.sh
10-listen-on-ipv6-by-default.sh: info: Getting the checksum of /etc/nginx/conf.d/default.conf
10-listen-on-ipv6-by-default.sh: info: Enabled listen on IPv6 in /etc/nginx/conf.d/default.conf
/docker-entrypoint.sh: Sourcing /docker-entrypoint.d/15-local-resolvers.envsh
/docker-entrypoint.sh: Launching /docker-entrypoint.d/20-envsubst-on-templates.sh
/docker-entrypoint.sh: Launching /docker-entrypoint.d/30-tune-worker-processes.sh
/docker-entrypoint.sh: Configuration complete; ready for start up
2025/03/29 06:10:50 [notice] 1#1: using the "epoll" event method
2025/03/29 06:10:50 [notice] 1#1: nginx/1.27.4
2025/03/29 06:10:50 [notice] 1#1: built by gcc 12.2.0 (Debian 12.2.0-14)
2025/03/29 06:10:50 [notice] 1#1: OS: Linux 5.15.167.4-microsoft-standard-WSL2
2025/03/29 06:10:50 [notice] 1#1: getrlimit(RLIMIT_NOFILE): 1048576:1048576
2025/03/29 06:10:50 [notice] 1#1: start worker processes
2025/03/29 06:10:50 [notice] 1#1: start worker process 29
2025/03/29 06:10:50 [notice] 1#1: start worker process 30
2025/03/29 06:10:50 [notice] 1#1: start worker process 31
2025/03/29 06:10:50 [notice] 1#1: start worker process 32
2025/03/29 06:10:50 [notice] 1#1: start worker process 33
2025/03/29 06:10:50 [notice] 1#1: start worker process 34
2025/03/29 06:10:50 [notice] 1#1: start worker process 35
2025/03/29 06:10:50 [notice] 1#1: start worker process 36
2025/03/29 06:10:50 [notice] 1#1: start worker process 37
2025/03/29 06:10:50 [notice] 1#1: start worker process 38
2025/03/29 06:10:50 [notice] 1#1: start worker process 39
2025/03/29 06:10:50 [notice] 1#1: start worker process 40
2025/03/29 06:10:55 [notice] 1#1: signal 2 (SIGINT) received, exiting
2025/03/29 06:10:55 [notice] 30#30: exiting
2025/03/29 06:10:55 [notice] 31#31: exiting
2025/03/29 06:10:55 [notice] 32#32: exiting
2025/03/29 06:10:55 [notice] 33#33: exiting
2025/03/29 06:10:55 [notice] 29#29: exiting
2025/03/29 06:10:55 [notice] 36#36: exiting
2025/03/29 06:10:55 [notice] 29#29: exit
2025/03/29 06:10:55 [notice] 33#33: exit
2025/03/29 06:10:55 [notice] 31#31: exit
2025/03/29 06:10:55 [notice] 35#35: exiting
2025/03/29 06:10:55 [notice] 36#36: exit
2025/03/29 06:10:55 [notice] 39#39: exiting
2025/03/29 06:10:55 [notice] 35#35: exit
2025/03/29 06:10:55 [notice] 38#38: exiting
2025/03/29 06:10:55 [notice] 34#34: exiting
2025/03/29 06:10:55 [notice] 30#30: exit
2025/03/29 06:10:55 [notice] 39#39: exit
2025/03/29 06:10:55 [notice] 38#38: exit
2025/03/29 06:10:55 [notice] 34#34: exit
2025/03/29 06:10:55 [notice] 32#32: exit
2025/03/29 06:10:55 [notice] 37#37: exiting
2025/03/29 06:10:55 [notice] 37#37: exit
2025/03/29 06:10:55 [notice] 40#40: exiting
2025/03/29 06:10:55 [notice] 40#40: exit
2025/03/29 06:10:55 [notice] 1#1: signal 14 (SIGALRM) received
2025/03/29 06:10:55 [notice] 1#1: signal 17 (SIGCHLD) received from 33
2025/03/29 06:10:55 [notice] 1#1: worker process 33 exited with code 0
2025/03/29 06:10:55 [notice] 1#1: signal 29 (SIGIO) received
2025/03/29 06:10:55 [notice] 1#1: signal 17 (SIGCHLD) received from 35
2025/03/29 06:10:55 [notice] 1#1: worker process 31 exited with code 0
2025/03/29 06:10:55 [notice] 1#1: worker process 30 exited with code 0
2025/03/29 06:10:55 [notice] 1#1: worker process 34 exited with code 0
2025/03/29 06:10:55 [notice] 1#1: worker process 35 exited with code 0
2025/03/29 06:10:55 [notice] 1#1: worker process 37 exited with code 0
2025/03/29 06:10:55 [notice] 1#1: worker process 39 exited with code 0
2025/03/29 06:10:55 [notice] 1#1: signal 29 (SIGIO) received
2025/03/29 06:10:55 [notice] 1#1: signal 17 (SIGCHLD) received from 37
2025/03/29 06:10:55 [notice] 1#1: signal 17 (SIGCHLD) received from 32
2025/03/29 06:10:55 [notice] 1#1: worker process 29 exited with code 0
2025/03/29 06:10:55 [notice] 1#1: worker process 32 exited with code 0
2025/03/29 06:10:55 [notice] 1#1: worker process 38 exited with code 0
2025/03/29 06:10:55 [notice] 1#1: signal 29 (SIGIO) received
2025/03/29 06:10:55 [notice] 1#1: signal 17 (SIGCHLD) received from 36
2025/03/29 06:10:55 [notice] 1#1: worker process 36 exited with code 0
2025/03/29 06:10:55 [notice] 1#1: worker process 40 exited with code 0
2025/03/29 06:10:55 [notice] 1#1: exit

C:\Users\Admin>docker ps -a
CONTAINER ID   IMAGE     COMMAND                  CREATED          STATUS                      PORTS     NAMES
06a56096940a   nginx     "/docker-entrypoint.…"   26 seconds ago   Exited (0) 20 seconds ago             keen_solomon
9ff1e64cd5a3   ubuntu    "/bin/bash"              11 days ago      Exited (137) 11 days ago              agitated_mcclintock
9921b72254e1   ubuntu    "/bin/bash"              11 days ago      Exited (0) 11 days ago                serene_bose

C:\Users\Admin>docker stop 06a56096940a
06a56096940a

C:\Users\Admin>docker ps -a
CONTAINER ID   IMAGE     COMMAND                  CREATED         STATUS                     PORTS     NAMES
06a56096940a   nginx     "/docker-entrypoint.…"   2 minutes ago   Exited (0) 2 minutes ago             keen_solomon
9ff1e64cd5a3   ubuntu    "/bin/bash"              11 days ago     Exited (137) 11 days ago             agitated_mcclintock
9921b72254e1   ubuntu    "/bin/bash"              11 days ago     Exited (0) 11 days ago               serene_bose

C:\Users\Admin>docker images
REPOSITORY    TAG       IMAGE ID       CREATED        SIZE
<none>        <none>    0e6313ea470f   11 days ago    117MB
nginx         latest    124b44bfc9cc   7 weeks ago    279MB
ubuntu        latest    72297848456d   2 months ago   117MB
hello-world   latest    7e1a4e2d11e2   2 months ago   20.4kB

C:\Users\Admin>docker run hello-world

Hello from Docker!
This message shows that your installation appears to be working correctly.

To generate this message, Docker took the following steps:
 1. The Docker client contacted the Docker daemon.
 2. The Docker daemon pulled the "hello-world" image from the Docker Hub.
    (amd64)
 3. The Docker daemon created a new container from that image which runs the
    executable that produces the output you are currently reading.
 4. The Docker daemon streamed that output to the Docker client, which sent it
    to your terminal.

To try something more ambitious, you can run an Ubuntu container with:
 $ docker run -it ubuntu bash

Share images, automate workflows, and more with a free Docker ID:
 https://hub.docker.com/

For more examples and ideas, visit:
 https://docs.docker.com/get-started/


C:\Users\Admin>docker ps -a
CONTAINER ID   IMAGE         COMMAND                  CREATED         STATUS                     PORTS     NAMES
50794ace8304   hello-world   "/hello"                 8 seconds ago   Exited (0) 7 seconds ago             heuristic_raman
06a56096940a   nginx         "/docker-entrypoint.…"   4 minutes ago   Exited (0) 4 minutes ago             keen_solomon
9ff1e64cd5a3   ubuntu        "/bin/bash"              11 days ago     Exited (137) 11 days ago             agitated_mcclintock
9921b72254e1   ubuntu        "/bin/bash"              11 days ago     Exited (0) 11 days ago               serene_bose

C:\Users\Admin>docker stop 50794ace8304
50794ace8304

C:\Users\Admin>docker ps -a
CONTAINER ID   IMAGE         COMMAND                  CREATED          STATUS                      PORTS     NAMES
50794ace8304   hello-world   "/hello"                 25 seconds ago   Exited (0) 25 seconds ago             heuristic_raman
06a56096940a   nginx         "/docker-entrypoint.…"   4 minutes ago    Exited (0) 4 minutes ago              keen_solomon
9ff1e64cd5a3   ubuntu        "/bin/bash"              11 days ago      Exited (137) 11 days ago              agitated_mcclintock
9921b72254e1   ubuntu        "/bin/bash"              11 days ago      Exited (0) 11 days ago                serene_bose

C:\Users\Admin>docker run -d nginx
445c6428df825ae42a1609373fddeef08b417c3a2f1dc65b0dae7fcc80d669d0

C:\Users\Admin>docker ps --help

Usage:  docker ps [OPTIONS]

List containers

Aliases:
  docker container ls, docker container list, docker container ps, docker ps

Options:
  -a, --all             Show all containers (default shows just running)
  -f, --filter filter   Filter output based on conditions provided
      --format string   Format output using a custom template:
                        'table':            Print output in table format
                        with column headers (default)
                        'table TEMPLATE':   Print output in table format
                        using the given Go template
                        'json':             Print in JSON format
                        'TEMPLATE':         Print output using the given
                        Go template.
                        Refer to https://docs.docker.com/go/formatting/
                        for more information about formatting output with
                        templates
  -n, --last int        Show n last created containers (includes all
                        states) (default -1)
  -l, --latest          Show the latest created container (includes all
                        states)
      --no-trunc        Don't truncate output
  -q, --quiet           Only display container IDs
  -s, --size            Display total file sizes

C:\Users\Admin>docker stop nginx
Error response from daemon: No such container: nginx

C:\Users\Admin>docker ps -a
CONTAINER ID   IMAGE         COMMAND                  CREATED         STATUS                     PORTS     NAMES
445c6428df82   nginx         "/docker-entrypoint.…"   4 minutes ago   Up 4 minutes               80/tcp    naughty_einstein
50794ace8304   hello-world   "/hello"                 5 minutes ago   Exited (0) 5 minutes ago             heuristic_raman
06a56096940a   nginx         "/docker-entrypoint.…"   9 minutes ago   Exited (0) 8 minutes ago             keen_solomon
9ff1e64cd5a3   ubuntu        "/bin/bash"              11 days ago     Exited (137) 11 days ago             agitated_mcclintock
9921b72254e1   ubuntu        "/bin/bash"              11 days ago     Exited (0) 11 days ago               serene_bose

C:\Users\Admin>docker stop 06a56096940a
06a56096940a

C:\Users\Admin>docker ps -a
CONTAINER ID   IMAGE         COMMAND                  CREATED         STATUS                     PORTS     NAMES
445c6428df82   nginx         "/docker-entrypoint.…"   4 minutes ago   Up 4 minutes               80/tcp    naughty_einstein
50794ace8304   hello-world   "/hello"                 5 minutes ago   Exited (0) 5 minutes ago             heuristic_raman
06a56096940a   nginx         "/docker-entrypoint.…"   9 minutes ago   Exited (0) 9 minutes ago             keen_solomon
9ff1e64cd5a3   ubuntu        "/bin/bash"              11 days ago     Exited (137) 11 days ago             agitated_mcclintock
9921b72254e1   ubuntu        "/bin/bash"              11 days ago     Exited (0) 11 days ago               serene_bose

C:\Users\Admin>docker run -d  -p2000:80 nginx
9e209408e3216ee35399f2564f99e7a22b94c6db7ae557272dfa5e2431a83918

C:\Users\Admin>docker run -d  -p5000:80 nginx
6161af0d40023b7655236697962e143ae1f67cc7ddc076d59b856405ffc03008

C:\Users\Admin>docker ps -a
CONTAINER ID   IMAGE         COMMAND                  CREATED          STATUS                      PORTS                  NAMES
6161af0d4002   nginx         "/docker-entrypoint.…"   53 seconds ago   Up 53 seconds               0.0.0.0:5000->80/tcp   angry_hypatia
9e209408e321   nginx         "/docker-entrypoint.…"   3 minutes ago    Up 3 minutes                0.0.0.0:2000->80/tcp   jovial_knuth
445c6428df82   nginx         "/docker-entrypoint.…"   10 minutes ago   Up 10 minutes               80/tcp                 naughty_einstein
50794ace8304   hello-world   "/hello"                 11 minutes ago   Exited (0) 11 minutes ago                          heuristic_raman
06a56096940a   nginx         "/docker-entrypoint.…"   15 minutes ago   Exited (0) 15 minutes ago                          keen_solomon
9ff1e64cd5a3   ubuntu        "/bin/bash"              11 days ago      Exited (137) 11 days ago                           agitated_mcclintock
9921b72254e1   ubuntu        "/bin/bash"              11 days ago      Exited (0) 11 days ago                             serene_bose

C:\Users\Admin>docker stop 6161af0d4002
6161af0d4002

C:\Users\Admin>
C:\Users\Admin>
C:\Users\Admin>
C:\Users\Admin>
C:\Users\Admin>docker run -d  -p5000:80 -p2000:80 nginx
406b3c292a4f38898dcf9df9a7b6d47ba04e8bbfa3accc8be6b160923daa8f27
docker: Error response from daemon: driver failed programming external connectivity on endpoint keen_noyce (0acc28d3474a1ca778fafb3d891fdb8a6483ad51fccf2a98d29df5b78ea54dca): Bind for 0.0.0.0:2000 failed: port is already allocated.

C:\Users\Admin>docker run -d  -p6000:80 -p2000:80 nginx
78a493d8a60fe9af323945aec8df3ad7315677b3312889859b61fd91222ecdba
docker: Error response from daemon: driver failed programming external connectivity on endpoint clever_williamson (add68f5be80b2a77e86523e97a1e5c1cf85a1c720be64e978701641756656d12): Bind for 0.0.0.0:2000 failed: port is already allocated.

C:\Users\Admin>docker run -d  -p4000:80 -p3000:80 nginx
b1eba25be2d882d078fd66a22e68a0deea68c090e99671026fab70d7b1150153

C:\Users\Admin>docker ps -a
CONTAINER ID   IMAGE         COMMAND                  CREATED              STATUS                       PORTS                                        NAMES
b1eba25be2d8   nginx         "/docker-entrypoint.…"   About a minute ago   Up About a minute            0.0.0.0:3000->80/tcp, 0.0.0.0:4000->80/tcp   unruffled_ride
78a493d8a60f   nginx         "/docker-entrypoint.…"   About a minute ago   Created                                                                   clever_williamson
406b3c292a4f   nginx         "/docker-entrypoint.…"   2 minutes ago        Created                                                                   keen_noyce
6161af0d4002   nginx         "/docker-entrypoint.…"   4 minutes ago        Exited (137) 2 minutes ago                                                angry_hypatia
9e209408e321   nginx         "/docker-entrypoint.…"   6 minutes ago        Up 6 minutes                 0.0.0.0:2000->80/tcp                         jovial_knuth
445c6428df82   nginx         "/docker-entrypoint.…"   13 minutes ago       Up 13 minutes                80/tcp                                       naughty_einstein
50794ace8304   hello-world   "/hello"                 14 minutes ago       Exited (0) 14 minutes ago                                                 heuristic_raman
06a56096940a   nginx         "/docker-entrypoint.…"   18 minutes ago       Exited (0) 18 minutes ago                                                 keen_solomon
9ff1e64cd5a3   ubuntu        "/bin/bash"              11 days ago          Exited (137) 11 days ago                                                  agitated_mcclintock
9921b72254e1   ubuntu        "/bin/bash"              11 days ago          Exited (0) 11 days ago                                                    serene_bose

C:\Users\Admin>docker run --name program -d -p2000:80 nginx
fd0430186aa1ef594b585b31f3c03b06a104be27cbe8f7e6cbb3c86aa687c27c
docker: Error response from daemon: driver failed programming external connectivity on endpoint program (f3d7077131bde7617622b7318331107e564ee633bcb8d38c8a1c1fbdddef0fca): Bind for 0.0.0.0:2000 failed: port is already allocated.

C:\Users\Admin>docker run --name program -d -p7000:80 nginx
docker: Error response from daemon: Conflict. The container name "/program" is already in use by container "fd0430186aa1ef594b585b31f3c03b06a104be27cbe8f7e6cbb3c86aa687c27c". You have to remove (or rename) that container to be able to reuse that name.
See 'docker run --help'.

C:\Users\Admin>docker run --name programdocker -d -p7000:80 nginx
23e0b2bf5a8b1a8ccd8d3e3dd1d334e6bc92d4fda45f6981e6d61a9e44d54eb1

C:\Users\Admin>docker ps -a
CONTAINER ID   IMAGE         COMMAND                  CREATED          STATUS                       PORTS                                        NAMES
23e0b2bf5a8b   nginx         "/docker-entrypoint.…"   4 seconds ago    Up 3 seconds                 0.0.0.0:7000->80/tcp                         programdocker
fd0430186aa1   nginx         "/docker-entrypoint.…"   28 seconds ago   Created                                                                   program
b1eba25be2d8   nginx         "/docker-entrypoint.…"   3 minutes ago    Up 3 minutes                 0.0.0.0:3000->80/tcp, 0.0.0.0:4000->80/tcp   unruffled_ride
78a493d8a60f   nginx         "/docker-entrypoint.…"   3 minutes ago    Created                                                                   clever_williamson
406b3c292a4f   nginx         "/docker-entrypoint.…"   4 minutes ago    Created                                                                   keen_noyce
6161af0d4002   nginx         "/docker-entrypoint.…"   6 minutes ago    Exited (137) 4 minutes ago                                                angry_hypatia
9e209408e321   nginx         "/docker-entrypoint.…"   8 minutes ago    Up 8 minutes                 0.0.0.0:2000->80/tcp                         jovial_knuth
445c6428df82   nginx         "/docker-entrypoint.…"   15 minutes ago   Up 15 minutes                80/tcp                                       naughty_einstein
50794ace8304   hello-world   "/hello"                 16 minutes ago   Exited (0) 16 minutes ago                                                 heuristic_raman
06a56096940a   nginx         "/docker-entrypoint.…"   20 minutes ago   Exited (0) 20 minutes ago                                                 keen_solomon
9ff1e64cd5a3   ubuntu        "/bin/bash"              11 days ago      Exited (137) 11 days ago                                                  agitated_mcclintock
9921b72254e1   ubuntu        "/bin/bash"              11 days ago      Exited (0) 11 days ago                                                    serene_bose

C:\Users\Admin>docker ps -aq
23e0b2bf5a8b
fd0430186aa1
b1eba25be2d8
78a493d8a60f
406b3c292a4f
6161af0d4002
9e209408e321
445c6428df82
50794ace8304
06a56096940a
9ff1e64cd5a3
9921b72254e1

C:\Users\Admin>docker stop 23e0b2bf5a8b
23e0b2bf5a8b

C:\Users\Admin>docker ps -a
CONTAINER ID   IMAGE         COMMAND                  CREATED          STATUS                       PORTS                                        NAMES
23e0b2bf5a8b   nginx         "/docker-entrypoint.…"   4 minutes ago    Exited (0) 4 seconds ago                                                  programdocker
fd0430186aa1   nginx         "/docker-entrypoint.…"   4 minutes ago    Created                                                                   program
b1eba25be2d8   nginx         "/docker-entrypoint.…"   7 minutes ago    Up 7 minutes                 0.0.0.0:3000->80/tcp, 0.0.0.0:4000->80/tcp   unruffled_ride
78a493d8a60f   nginx         "/docker-entrypoint.…"   8 minutes ago    Created                                                                   clever_williamson
406b3c292a4f   nginx         "/docker-entrypoint.…"   8 minutes ago    Created                                                                   keen_noyce
6161af0d4002   nginx         "/docker-entrypoint.…"   10 minutes ago   Exited (137) 9 minutes ago                                                angry_hypatia
9e209408e321   nginx         "/docker-entrypoint.…"   12 minutes ago   Up 12 minutes                0.0.0.0:2000->80/tcp                         jovial_knuth
445c6428df82   nginx         "/docker-entrypoint.…"   20 minutes ago   Up 20 minutes                80/tcp                                       naughty_einstein
50794ace8304   hello-world   "/hello"                 20 minutes ago   Exited (0) 20 minutes ago                                                 heuristic_raman
06a56096940a   nginx         "/docker-entrypoint.…"   24 minutes ago   Exited (0) 24 minutes ago                                                 keen_solomon
9ff1e64cd5a3   ubuntu        "/bin/bash"              11 days ago      Exited (137) 11 days ago                                                  agitated_mcclintock
9921b72254e1   ubuntu        "/bin/bash"              11 days ago      Exited (0) 11 days ago                                                    serene_bose

C:\Users\Admin>docker stop fd0430186aa1
fd0430186aa1

C:\Users\Admin>docker ps -a
CONTAINER ID   IMAGE         COMMAND                  CREATED          STATUS                        PORTS                                        NAMES
23e0b2bf5a8b   nginx         "/docker-entrypoint.…"   6 minutes ago    Exited (0) 2 minutes ago                                                   programdocker
fd0430186aa1   nginx         "/docker-entrypoint.…"   7 minutes ago    Created                                                                    program
b1eba25be2d8   nginx         "/docker-entrypoint.…"   10 minutes ago   Up 10 minutes                 0.0.0.0:3000->80/tcp, 0.0.0.0:4000->80/tcp   unruffled_ride
78a493d8a60f   nginx         "/docker-entrypoint.…"   10 minutes ago   Created                                                                    clever_williamson
406b3c292a4f   nginx         "/docker-entrypoint.…"   11 minutes ago   Created                                                                    keen_noyce
6161af0d4002   nginx         "/docker-entrypoint.…"   12 minutes ago   Exited (137) 11 minutes ago                                                angry_hypatia
9e209408e321   nginx         "/docker-entrypoint.…"   15 minutes ago   Up 15 minutes                 0.0.0.0:2000->80/tcp                         jovial_knuth
445c6428df82   nginx         "/docker-entrypoint.…"   22 minutes ago   Up 22 minutes                 80/tcp                                       naughty_einstein
50794ace8304   hello-world   "/hello"                 23 minutes ago   Exited (0) 23 minutes ago                                                  heuristic_raman
06a56096940a   nginx         "/docker-entrypoint.…"   27 minutes ago   Exited (0) 27 minutes ago                                                  keen_solomon
9ff1e64cd5a3   ubuntu        "/bin/bash"              11 days ago      Exited (137) 11 days ago                                                   agitated_mcclintock
9921b72254e1   ubuntu        "/bin/bash"              11 days ago      Exited (0) 11 days ago                                                     serene_bose

C:\Users\Admin>docker ps
CONTAINER ID   IMAGE     COMMAND                  CREATED          STATUS          PORTS                                        NAMES
b1eba25be2d8   nginx     "/docker-entrypoint.…"   11 minutes ago   Up 11 minutes   0.0.0.0:3000->80/tcp, 0.0.0.0:4000->80/tcp   unruffled_ride
9e209408e321   nginx     "/docker-entrypoint.…"   16 minutes ago   Up 16 minutes   0.0.0.0:2000->80/tcp                         jovial_knuth
445c6428df82   nginx     "/docker-entrypoint.…"   23 minutes ago   Up 23 minutes   80/tcp                                       naughty_einstein

C:\Users\Admin>docker run -it ubuntu
root@574a05712ca3:/# ls
bin  boot  dev  etc  home  lib  lib64  media  mnt  opt  proc  root  run  sbin  srv  sys  tmp  usr  var
root@574a05712ca3:/#
root@574a05712ca3:/# exit
exit

C:\Users\Admin>docker run -d nginx
8566dd39084109bb754066829d7527b8d07a99561fb4195fd9f7d7cc0b1142b0

C:\Users\Admin>docker ps -a
CONTAINER ID   IMAGE         COMMAND                  CREATED          STATUS                          PORTS                                        NAMES
8566dd390841   nginx         "/docker-entrypoint.…"   30 seconds ago   Up 29 seconds                   80/tcp                                       objective_buck
574a05712ca3   ubuntu        "/bin/bash"              2 minutes ago    Exited (0) About a minute ago                                                sharp_lamarr
23e0b2bf5a8b   nginx         "/docker-entrypoint.…"   11 minutes ago   Exited (0) 7 minutes ago                                                     programdocker
fd0430186aa1   nginx         "/docker-entrypoint.…"   11 minutes ago   Created                                                                      program
b1eba25be2d8   nginx         "/docker-entrypoint.…"   14 minutes ago   Up 14 minutes                   0.0.0.0:3000->80/tcp, 0.0.0.0:4000->80/tcp   unruffled_ride
78a493d8a60f   nginx         "/docker-entrypoint.…"   15 minutes ago   Created                                                                      clever_williamson
406b3c292a4f   nginx         "/docker-entrypoint.…"   16 minutes ago   Created                                                                      keen_noyce
6161af0d4002   nginx         "/docker-entrypoint.…"   17 minutes ago   Exited (137) 16 minutes ago                                                  angry_hypatia
9e209408e321   nginx         "/docker-entrypoint.…"   20 minutes ago   Up 20 minutes                   0.0.0.0:2000->80/tcp                         jovial_knuth
445c6428df82   nginx         "/docker-entrypoint.…"   27 minutes ago   Up 27 minutes                   80/tcp                                       naughty_einstein
50794ace8304   hello-world   "/hello"                 28 minutes ago   Exited (0) 28 minutes ago                                                    heuristic_raman
06a56096940a   nginx         "/docker-entrypoint.…"   32 minutes ago   Exited (0) 32 minutes ago                                                    keen_solomon
9ff1e64cd5a3   ubuntu        "/bin/bash"              11 days ago      Exited (137) 11 days ago                                                     agitated_mcclintock
9921b72254e1   ubuntu        "/bin/bash"              11 days ago      Exited (0) 11 days ago                                                       serene_bose

C:\Users\Admin>docker run --name programdocker -d -p7000:80 nginx
docker: Error response from daemon: Conflict. The container name "/programdocker" is already in use by container "23e0b2bf5a8b1a8ccd8d3e3dd1d334e6bc92d4fda45f6981e6d61a9e44d54eb1". You have to remove (or rename) that container to be able to reuse that name.
See 'docker run --help'.

C:\Users\Admin>docker ps -a
CONTAINER ID   IMAGE         COMMAND                  CREATED          STATUS                        PORTS                                        NAMES
8566dd390841   nginx         "/docker-entrypoint.…"   2 minutes ago    Up 2 minutes                  80/tcp                                       objective_buck
574a05712ca3   ubuntu        "/bin/bash"              4 minutes ago    Exited (0) 3 minutes ago                                                   sharp_lamarr
23e0b2bf5a8b   nginx         "/docker-entrypoint.…"   13 minutes ago   Exited (0) 8 minutes ago                                                   programdocker
fd0430186aa1   nginx         "/docker-entrypoint.…"   13 minutes ago   Created                                                                    program
b1eba25be2d8   nginx         "/docker-entrypoint.…"   16 minutes ago   Up 16 minutes                 0.0.0.0:3000->80/tcp, 0.0.0.0:4000->80/tcp   unruffled_ride
78a493d8a60f   nginx         "/docker-entrypoint.…"   16 minutes ago   Created                                                                    clever_williamson
406b3c292a4f   nginx         "/docker-entrypoint.…"   17 minutes ago   Created                                                                    keen_noyce
6161af0d4002   nginx         "/docker-entrypoint.…"   19 minutes ago   Exited (137) 17 minutes ago                                                angry_hypatia
9e209408e321   nginx         "/docker-entrypoint.…"   21 minutes ago   Up 21 minutes                 0.0.0.0:2000->80/tcp                         jovial_knuth
445c6428df82   nginx         "/docker-entrypoint.…"   28 minutes ago   Up 28 minutes                 80/tcp                                       naughty_einstein
50794ace8304   hello-world   "/hello"                 29 minutes ago   Exited (0) 29 minutes ago                                                  heuristic_raman
06a56096940a   nginx         "/docker-entrypoint.…"   33 minutes ago   Exited (0) 33 minutes ago                                                  keen_solomon
9ff1e64cd5a3   ubuntu        "/bin/bash"              11 days ago      Exited (137) 11 days ago                                                   agitated_mcclintock
9921b72254e1   ubuntu        "/bin/bash"              11 days ago      Exited (0) 11 days ago                                                     serene_bose

C:\Users\Admin>docker run --name programdocker -d -p8000:80 nginx
docker: Error response from daemon: Conflict. The container name "/programdocker" is already in use by container "23e0b2bf5a8b1a8ccd8d3e3dd1d334e6bc92d4fda45f6981e6d61a9e44d54eb1". You have to remove (or rename) that container to be able to reuse that name.
See 'docker run --help'.

C:\Users\Admin>docker rm programdocker
programdocker

C:\Users\Admin>docker rn programdocker
docker: 'rn' is not a docker command.
See 'docker --help'

C:\Users\Admin>docker rm programdocker
Error response from daemon: No such container: programdocker

C:\Users\Admin>docker ps -a
CONTAINER ID   IMAGE         COMMAND                  CREATED          STATUS                        PORTS                                        NAMES
8566dd390841   nginx         "/docker-entrypoint.…"   3 minutes ago    Up 3 minutes                  80/tcp                                       objective_buck
574a05712ca3   ubuntu        "/bin/bash"              6 minutes ago    Exited (0) 5 minutes ago                                                   sharp_lamarr
fd0430186aa1   nginx         "/docker-entrypoint.…"   15 minutes ago   Created                                                                    program
b1eba25be2d8   nginx         "/docker-entrypoint.…"   18 minutes ago   Up 18 minutes                 0.0.0.0:3000->80/tcp, 0.0.0.0:4000->80/tcp   unruffled_ride
78a493d8a60f   nginx         "/docker-entrypoint.…"   18 minutes ago   Created                                                                    clever_williamson
406b3c292a4f   nginx         "/docker-entrypoint.…"   19 minutes ago   Created                                                                    keen_noyce
6161af0d4002   nginx         "/docker-entrypoint.…"   21 minutes ago   Exited (137) 19 minutes ago                                                angry_hypatia
9e209408e321   nginx         "/docker-entrypoint.…"   23 minutes ago   Up 23 minutes                 0.0.0.0:2000->80/tcp                         jovial_knuth
445c6428df82   nginx         "/docker-entrypoint.…"   30 minutes ago   Up 30 minutes                 80/tcp                                       naughty_einstein
50794ace8304   hello-world   "/hello"                 31 minutes ago   Exited (0) 31 minutes ago                                                  heuristic_raman
06a56096940a   nginx         "/docker-entrypoint.…"   35 minutes ago   Exited (0) 35 minutes ago                                                  keen_solomon
9ff1e64cd5a3   ubuntu        "/bin/bash"              11 days ago      Exited (137) 11 days ago                                                   agitated_mcclintock
9921b72254e1   ubuntu        "/bin/bash"              11 days ago      Exited (0) 11 days ago                                                     serene_bose

C:\Users\Admin>docker run --name programdocker -d -p7000:80 nginx
1cbbe8114e4005e57e5d245353df39f34af498f5dd8b415480f887583d9228e1

C:\Users\Admin>docker ps -a
CONTAINER ID   IMAGE         COMMAND                  CREATED          STATUS                        PORTS                                        NAMES
1cbbe8114e40   nginx         "/docker-entrypoint.…"   12 seconds ago   Up 12 seconds                 0.0.0.0:7000->80/tcp                         programdocker
8566dd390841   nginx         "/docker-entrypoint.…"   4 minutes ago    Up 4 minutes                  80/tcp                                       objective_buck
574a05712ca3   ubuntu        "/bin/bash"              6 minutes ago    Exited (0) 5 minutes ago                                                   sharp_lamarr
fd0430186aa1   nginx         "/docker-entrypoint.…"   15 minutes ago   Created                                                                    program
b1eba25be2d8   nginx         "/docker-entrypoint.…"   18 minutes ago   Up 18 minutes                 0.0.0.0:3000->80/tcp, 0.0.0.0:4000->80/tcp   unruffled_ride
78a493d8a60f   nginx         "/docker-entrypoint.…"   19 minutes ago   Created                                                                    clever_williamson
406b3c292a4f   nginx         "/docker-entrypoint.…"   19 minutes ago   Created                                                                    keen_noyce
6161af0d4002   nginx         "/docker-entrypoint.…"   21 minutes ago   Exited (137) 20 minutes ago                                                angry_hypatia
9e209408e321   nginx         "/docker-entrypoint.…"   23 minutes ago   Up 23 minutes                 0.0.0.0:2000->80/tcp                         jovial_knuth
445c6428df82   nginx         "/docker-entrypoint.…"   30 minutes ago   Up 30 minutes                 80/tcp                                       naughty_einstein
50794ace8304   hello-world   "/hello"                 31 minutes ago   Exited (0) 31 minutes ago                                                  heuristic_raman
06a56096940a   nginx         "/docker-entrypoint.…"   35 minutes ago   Exited (0) 35 minutes ago                                                  keen_solomon
9ff1e64cd5a3   ubuntu        "/bin/bash"              11 days ago      Exited (137) 11 days ago                                                   agitated_mcclintock
9921b72254e1   ubuntu        "/bin/bash"              11 days ago      Exited (0) 11 days ago                                                     serene_bose

C:\Users\Admin>docker rm programdocker
Error response from daemon: cannot remove container "/programdocker": container is running: stop the container before removing or force remove

C:\Users\Admin>docker rm -f programdocker
programdocker

C:\Users\Admin>docker ps -a
CONTAINER ID   IMAGE         COMMAND                  CREATED          STATUS                        PORTS                                        NAMES
8566dd390841   nginx         "/docker-entrypoint.…"   6 minutes ago    Up 6 minutes                  80/tcp                                       objective_buck
574a05712ca3   ubuntu        "/bin/bash"              8 minutes ago    Exited (0) 7 minutes ago                                                   sharp_lamarr
fd0430186aa1   nginx         "/docker-entrypoint.…"   17 minutes ago   Created                                                                    program
b1eba25be2d8   nginx         "/docker-entrypoint.…"   20 minutes ago   Up 20 minutes                 0.0.0.0:3000->80/tcp, 0.0.0.0:4000->80/tcp   unruffled_ride
78a493d8a60f   nginx         "/docker-entrypoint.…"   20 minutes ago   Created                                                                    clever_williamson
406b3c292a4f   nginx         "/docker-entrypoint.…"   21 minutes ago   Created                                                                    keen_noyce
6161af0d4002   nginx         "/docker-entrypoint.…"   23 minutes ago   Exited (137) 21 minutes ago                                                angry_hypatia
9e209408e321   nginx         "/docker-entrypoint.…"   25 minutes ago   Up 25 minutes                 0.0.0.0:2000->80/tcp                         jovial_knuth
445c6428df82   nginx         "/docker-entrypoint.…"   32 minutes ago   Up 32 minutes                 80/tcp                                       naughty_einstein
50794ace8304   hello-world   "/hello"                 33 minutes ago   Exited (0) 33 minutes ago                                                  heuristic_raman
06a56096940a   nginx         "/docker-entrypoint.…"   37 minutes ago   Exited (0) 37 minutes ago                                                  keen_solomon
9ff1e64cd5a3   ubuntu        "/bin/bash"              11 days ago      Exited (137) 11 days ago                                                   agitated_mcclintock
9921b72254e1   ubuntu        "/bin/bash"              11 days ago      Exited (0) 11 days ago                                                     serene_bose

C:\Users\Admin>
